<html>
<body>
<pre>
<h1>µVision Build Log</h1>
<h2>Tool Versions:</h2>
IDE-Version: ¦ÌVision V5.25.2.0
Copyright (C) 2018 ARM Ltd and ARM Germany GmbH. All rights reserved.
License Information: YIDAN WU, USTC, LIC=9WSKC-7ZUVE-GK1BG-V1EBU-YZSPE-KLWHE
 
Tool Versions:
Toolchain:       MDK-ARM Plus  Version: 5.25.2.0
Toolchain Path:  E:\ruanjianxiazai\MDK5\ARM\ARMCC\Bin
C Compiler:      Armcc.exe V5.06 update 6 (build 750)
Assembler:       Armasm.exe V5.06 update 6 (build 750)
Linker/Locator:  ArmLink.exe V5.06 update 6 (build 750)
Library Manager: ArmAr.exe V5.06 update 6 (build 750)
Hex Converter:   FromElf.exe V5.06 update 6 (build 750)
CPU DLL:         SARMCM3.DLL V5.25.2.0
Dialog DLL:      DCM.DLL V1.17.1.0
Target DLL:      CMSIS_AGDI.dll V1.29.10.0
Dialog DLL:      TCM.DLL V1.35.1.0
 
<h2>Project:</h2>
E:\FTW\stm32F1Hal\FTW_stm32hal\MDK-ARM\FTW_stm32hal.uvprojx
Project File Date:  07/14/2023

<h2>Output:</h2>
*** Using Compiler 'V5.06 update 6 (build 750)', folder: 'E:\ruanjianxiazai\MDK5\ARM\ARMCC\Bin'
Rebuild target 'FTW_stm32hal'
assembling startup_stm32f103xe.s...
compiling stm32f1xx_hal_gpio.c...
compiling stm32f1xx_hal.c...
compiling stm32f1xx_hal_pwr.c...
compiling stm32f1xx_hal_gpio_ex.c...
compiling i2c.c...
compiling stm32f1xx_hal_flash_ex.c...
compiling stm32f1xx_hal_rcc_ex.c...
compiling usart.c...
compiling wit_c_sdk.c...
compiling gpio.c...
compiling stm32f1xx_hal_flash.c...
compiling stm32f1xx_hal_cortex.c...
compiling stm32f1xx_hal_dma.c...
compiling main.c...
../Core/Src/main.c(119): warning:  #167-D: argument of type "void (*)(uint32_t)" is incompatible with parameter of type "DelaymsCb"
  WitDelayMsRegister(HAL_Delay);
../Core/Src/main.c(89): warning:  #177-D: variable "fYaw"  was declared but never referenced
    float fAcc[3], fGyro[3], fAngle[3], fYaw;
../Core/Inc/usart.h(41): warning:  #2816-D: static function "MX_USART1_UART_Init"  treated as extern because it was referenced but not defined
  void MX_USART1_UART_Init(void);
../Core/Inc/gpio.h(39): warning:  #2816-D: static function "MX_GPIO_Init"  treated as extern because it was referenced but not defined
  void MX_GPIO_Init(void);
../Core/Src/main.c(380): warning:  #177-D: function "Delayms"  was declared but never referenced
  static void Delayms(uint16_t ucMs)
../Core/Src/main.c: 5 warnings, 0 errors
compiling stm32f1xx_hal_msp.c...
compiling stm32f1xx_it.c...
compiling stm32f1xx_hal_i2c.c...
compiling stm32f1xx_hal_rcc.c...
compiling stm32f1xx_hal_tim.c...
compiling system_stm32f1xx.c...
compiling stm32f1xx_hal_tim_ex.c...
compiling stm32f1xx_hal_exti.c...
compiling stm32f1xx_hal_uart.c...
linking...
Program Size: Code=12268 RO-data=1344 RW-data=68 ZI-data=1724  
FromELF: creating hex file...
"FTW_stm32hal\FTW_stm32hal.axf" - 0 Error(s), 5 Warning(s).

<h2>Software Packages used:</h2>

Package Vendor: ARM
                http://www.keil.com/pack/ARM.CMSIS.5.3.0.pack
                ARM.CMSIS.5.3.0
                CMSIS (Cortex Microcontroller Software Interface Standard)
   * Component: CORE Version: 5.1.1

Package Vendor: Keil
                https://www.keil.com/pack/Keil.STM32F1xx_DFP.2.4.1.pack
                Keil.STM32F1xx_DFP.2.4.1
                STMicroelectronics STM32F1 Series Device Support, Drivers and Examples

<h2>Collection of Component include folders:</h2>
  .\RTE\_FTW_stm32hal
  E:\ruanjianxiazai\MDK5\ARM\CMSIS\5.3.0\CMSIS\Include
  E:\ruanjianxiazai\MDK5\Keil\STM32F1xx_DFP\2.4.1\Device\Include

<h2>Collection of Component Files used:</h2>

   * Component: ARM::CMSIS:CORE:5.1.1
Build Time Elapsed:  00:00:05
</pre>
</body>
</html>
